// Jest Snapshot v1, https://goo.gl/fbAQLP

exports[`App loaded should successfully render the Locations component view 1`] = `
ShallowWrapper {
  "length": 1,
  Symbol(enzyme.__root__): [Circular],
  Symbol(enzyme.__unrendered__): <Component
    style={
      Object {
        "backgroundColor": "#F5FCFF",
        "flex": 1,
        "flexDirection": "column",
      }
    }
  >
    <Component
      style={
        Object {
          "backgroundColor": "#f0f0f0",
          "flex": 0.2,
        }
      }
    />
    <Component
      style={
        Object {
          "alignItems": "center",
          "backgroundColor": "#f8f8f8",
          "flex": 0.8,
        }
      }
    >
      <Component />
    </Component>
  </Component>,
  Symbol(enzyme.__renderer__): Object {
    "batchedUpdates": [Function],
    "getNode": [Function],
    "render": [Function],
    "simulateEvent": [Function],
    "unmount": [Function],
  },
  Symbol(enzyme.__node__): Object {
    "instance": null,
    "key": undefined,
    "nodeType": "host",
    "props": Object {
      "children": Array [
        <Component
          style={
            Object {
              "backgroundColor": "#f0f0f0",
              "flex": 0.2,
            }
          }
        />,
        <Component
          style={
            Object {
              "alignItems": "center",
              "backgroundColor": "#f8f8f8",
              "flex": 0.8,
            }
          }
        >
          <Component />
        </Component>,
      ],
      "style": Object {
        "backgroundColor": "#F5FCFF",
        "flex": 1,
        "flexDirection": "column",
      },
    },
    "ref": null,
    "rendered": Array [
      Object {
        "instance": null,
        "key": undefined,
        "nodeType": "class",
        "props": Object {
          "style": Object {
            "backgroundColor": "#f0f0f0",
            "flex": 0.2,
          },
        },
        "ref": null,
        "rendered": null,
        "type": [Function],
      },
      Object {
        "instance": null,
        "key": undefined,
        "nodeType": "class",
        "props": Object {
          "children": <Component />,
          "style": Object {
            "alignItems": "center",
            "backgroundColor": "#f8f8f8",
            "flex": 0.8,
          },
        },
        "ref": null,
        "rendered": Object {
          "instance": null,
          "key": undefined,
          "nodeType": "class",
          "props": Object {},
          "ref": null,
          "rendered": null,
          "type": [Function],
        },
        "type": [Function],
      },
    ],
    "type": "View",
  },
  Symbol(enzyme.__nodes__): Array [
    Object {
      "instance": null,
      "key": undefined,
      "nodeType": "host",
      "props": Object {
        "children": Array [
          <Component
            style={
              Object {
                "backgroundColor": "#f0f0f0",
                "flex": 0.2,
              }
            }
          />,
          <Component
            style={
              Object {
                "alignItems": "center",
                "backgroundColor": "#f8f8f8",
                "flex": 0.8,
              }
            }
          >
            <Component />
          </Component>,
        ],
        "style": Object {
          "backgroundColor": "#F5FCFF",
          "flex": 1,
          "flexDirection": "column",
        },
      },
      "ref": null,
      "rendered": Array [
        Object {
          "instance": null,
          "key": undefined,
          "nodeType": "class",
          "props": Object {
            "style": Object {
              "backgroundColor": "#f0f0f0",
              "flex": 0.2,
            },
          },
          "ref": null,
          "rendered": null,
          "type": [Function],
        },
        Object {
          "instance": null,
          "key": undefined,
          "nodeType": "class",
          "props": Object {
            "children": <Component />,
            "style": Object {
              "alignItems": "center",
              "backgroundColor": "#f8f8f8",
              "flex": 0.8,
            },
          },
          "ref": null,
          "rendered": Object {
            "instance": null,
            "key": undefined,
            "nodeType": "class",
            "props": Object {},
            "ref": null,
            "rendered": null,
            "type": [Function],
          },
          "type": [Function],
        },
      ],
      "type": "View",
    },
  ],
  Symbol(enzyme.__options__): Object {
    "adapter": ReactSixteenAdapter {
      "options": Object {
        "enableComponentDidUpdateOnSetState": true,
      },
    },
  },
}
`;

exports[`App loaded should successfully render the Locations component view 2`] = `
ShallowWrapper {
  "length": 1,
  Symbol(enzyme.__root__): [Circular],
  Symbol(enzyme.__unrendered__): <Component
    style={
      Object {
        "backgroundColor": "#F5FCFF",
        "flex": 1,
        "flexDirection": "column",
      }
    }
  >
    <Component
      style={
        Object {
          "backgroundColor": "#f0f0f0",
          "flex": 0.2,
        }
      }
    />
    <Component
      style={
        Object {
          "alignItems": "center",
          "backgroundColor": "#f8f8f8",
          "flex": 0.8,
        }
      }
    >
      <Component />
    </Component>
  </Component>,
  Symbol(enzyme.__renderer__): Object {
    "batchedUpdates": [Function],
    "getNode": [Function],
    "render": [Function],
    "simulateEvent": [Function],
    "unmount": [Function],
  },
  Symbol(enzyme.__node__): Object {
    "instance": null,
    "key": undefined,
    "nodeType": "host",
    "props": Object {
      "children": Array [
        <Component
          style={
            Object {
              "backgroundColor": "#f0f0f0",
              "flex": 0.2,
            }
          }
        />,
        <Component
          style={
            Object {
              "alignItems": "center",
              "backgroundColor": "#f8f8f8",
              "flex": 0.8,
            }
          }
        >
          <Component />
        </Component>,
      ],
      "style": Object {
        "backgroundColor": "#F5FCFF",
        "flex": 1,
        "flexDirection": "column",
      },
    },
    "ref": null,
    "rendered": Array [
      Object {
        "instance": null,
        "key": undefined,
        "nodeType": "class",
        "props": Object {
          "style": Object {
            "backgroundColor": "#f0f0f0",
            "flex": 0.2,
          },
        },
        "ref": null,
        "rendered": null,
        "type": [Function],
      },
      Object {
        "instance": null,
        "key": undefined,
        "nodeType": "class",
        "props": Object {
          "children": <Component />,
          "style": Object {
            "alignItems": "center",
            "backgroundColor": "#f8f8f8",
            "flex": 0.8,
          },
        },
        "ref": null,
        "rendered": Object {
          "instance": null,
          "key": undefined,
          "nodeType": "class",
          "props": Object {},
          "ref": null,
          "rendered": null,
          "type": [Function],
        },
        "type": [Function],
      },
    ],
    "type": "View",
  },
  Symbol(enzyme.__nodes__): Array [
    Object {
      "instance": null,
      "key": undefined,
      "nodeType": "host",
      "props": Object {
        "children": Array [
          <Component
            style={
              Object {
                "backgroundColor": "#f0f0f0",
                "flex": 0.2,
              }
            }
          />,
          <Component
            style={
              Object {
                "alignItems": "center",
                "backgroundColor": "#f8f8f8",
                "flex": 0.8,
              }
            }
          >
            <Component />
          </Component>,
        ],
        "style": Object {
          "backgroundColor": "#F5FCFF",
          "flex": 1,
          "flexDirection": "column",
        },
      },
      "ref": null,
      "rendered": Array [
        Object {
          "instance": null,
          "key": undefined,
          "nodeType": "class",
          "props": Object {
            "style": Object {
              "backgroundColor": "#f0f0f0",
              "flex": 0.2,
            },
          },
          "ref": null,
          "rendered": null,
          "type": [Function],
        },
        Object {
          "instance": null,
          "key": undefined,
          "nodeType": "class",
          "props": Object {
            "children": <Component />,
            "style": Object {
              "alignItems": "center",
              "backgroundColor": "#f8f8f8",
              "flex": 0.8,
            },
          },
          "ref": null,
          "rendered": Object {
            "instance": null,
            "key": undefined,
            "nodeType": "class",
            "props": Object {},
            "ref": null,
            "rendered": null,
            "type": [Function],
          },
          "type": [Function],
        },
      ],
      "type": "View",
    },
  ],
  Symbol(enzyme.__options__): Object {
    "adapter": ReactSixteenAdapter {
      "options": Object {
        "enableComponentDidUpdateOnSetState": true,
      },
    },
  },
}
`;
